ABCDEFGHIJ
BCDEFGHIJA
CDEFGHIJAB
DEFGHIJABC
EFGHIJABCD
FGHIJABCDE
GHIJABCDEF
HIJABCDEFG
IJABCDEFGH
JABCDEFGHI
